---
source: tui/src/history_cell/tests.rs
expression: rendered
---
╭───────────────────────────────────────╮
│ »  A I M U X   vtest                  │
│    one agent · any model              │
│                                       │
│ model:       gpt-5   /model to change │
│ directory:   /tmp/project             │
│ permissions: YOLO mode                │
╰───────────────────────────────────────╯
