---
source: tui/src/history_cell/tests.rs
expression: rendered
---
╭─────────────────────────────────────╮
│ »  A I M U X   v0.0.0               │
│    one agent · any model            │
│                                     │
│ model:     gpt-5   /model to change │
│ directory: /tmp/project             │
╰─────────────────────────────────────╯

  Tip: Model just became available
